
> limo-management-frontend@2.0.0 build
> vue-cli-service build

Browserslist: browsers data (caniuse-lite) is 8 months old. Please run:
  npx update-browserslist-db@latest
  Why you should do it regularly: https://github.com/browserslist/update-db#readme
All browser targets in the browserslist configuration have supported ES module.
Therefore we don't build two separate bundles for differential loading.


-  Building for production...
Browserslist: browsers data (caniuse-lite) is 8 months old. Please run:
  npx update-browserslist-db@latest
  Why you should do it regularly: https://github.com/browserslist/update-db#readme
 ERROR  Failed to compile with 1 error2:21:42 p.m.

 error  in ./src/views/BeverageReconciliation.vue?vue&type=script&lang=js

Module not found: Error: Can't resolve '@/composables/useToast' in 'L:\limo\frontend\src\views'

 ERROR  Error: Build failed with errors.
Error: Build failed with errors.
    at L:\limo\frontend\node_modules\@vue\cli-service\lib\commands\build\index.js:207:23
    at L:\limo\frontend\node_modules\webpack\lib\webpack.js:172:8
    at L:\limo\frontend\node_modules\webpack\lib\HookWebpackError.js:68:2
    at Hook.eval [as callAsync] (eval at create (L:\limo\frontend\node_modules\tapable\lib\HookCodeFactory.js:31:10), <anonymous>:6:1)
    at Hook.CALL_ASYNC_DELEGATE [as _callAsync] (L:\limo\frontend\node_modules\tapable\lib\Hook.js:21:14)
    at Cache.shutdown (L:\limo\frontend\node_modules\webpack\lib\Cache.js:156:23)
    at L:\limo\frontend\node_modules\webpack\lib\Compiler.js:1406:15
    at Hook.eval [as callAsync] (eval at create (L:\limo\frontend\node_modules\tapable\lib\HookCodeFactory.js:31:10), <anonymous>:6:1)
    at Hook.CALL_ASYNC_DELEGATE [as _callAsync] (L:\limo\frontend\node_modules\tapable\lib\Hook.js:21:14)
    at Compiler.close (L:\limo\frontend\node_modules\webpack\lib\Compiler.js:1399:23)
